2017-12-21 14:28:32,803 : /home/agoel/object_detection/Beta/dataset/readers/COCOReader.py : COCOReader : Opening /data/stars/user/uujjwal/datasets/generic-detection/mscoco/annotations/instances_train2014.json.
2017-12-21 14:28:48,664 : /home/agoel/object_detection/Beta/utils/timing.py : timing : function [_readcocoannotations] finished in 15860 ms.
2017-12-21 14:28:48,664 : /home/agoel/object_detection/Beta/dataset/readers/COCOReader.py : COCOReader : Total size of dataset = 185316
